36
26000
43193472
431969836
5000000
2500000
1920800
0
7200
20
585684000
264000
1300
60
20
804
86393244
864001869
86400
17
2604
21599377
216009853
42
